// Jest Snapshot v1, https://goo.gl/fbAQLP

exports[`Snapshot 1`] = `
Object {
  "Parameters": Object {
    "BootstrapVersion": Object {
      "Default": "/cdk-bootstrap/hnb659fds/version",
      "Description": "Version of the CDK Bootstrap resources in this environment, automatically retrieved from SSM Parameter Store. [cdk:skip]",
      "Type": "AWS::SSM::Parameter::Value<String>",
    },
  },
  "Resources": Object {
    "Certbot2acmPolicyC37CA3B3": Object {
      "Properties": Object {
        "Description": "Allow the Certbot function to import and list certificates.",
        "Path": "/",
        "PolicyDocument": Object {
          "Statement": Array [
            Object {
              "Action": Array [
                "acm:ListCertificates",
                "acm:ImportCertificate",
              ],
              "Effect": "Allow",
              "Resource": "*",
            },
            Object {
              "Action": "acm:DescribeCertificate",
              "Effect": "Allow",
              "Resource": "arn:aws:acm:us-east-1:123456789012:certificate/*",
            },
          ],
          "Version": "2012-10-17",
        },
      },
      "Type": "AWS::IAM::ManagedPolicy",
    },
    "Certbot2bucket15AF13C6": Object {
      "DeletionPolicy": "Retain",
      "Properties": Object {
        "BucketEncryption": Object {
          "ServerSideEncryptionConfiguration": Array [
            Object {
              "ServerSideEncryptionByDefault": Object {
                "SSEAlgorithm": "AES256",
              },
            },
          ],
        },
        "LifecycleConfiguration": Object {
          "Rules": Array [
            Object {
              "AbortIncompleteMultipartUpload": Object {
                "DaysAfterInitiation": 1,
              },
              "Status": "Enabled",
            },
          ],
        },
        "OwnershipControls": Object {
          "Rules": Array [
            Object {
              "ObjectOwnership": "BucketOwnerPreferred",
            },
          ],
        },
        "PublicAccessBlockConfiguration": Object {
          "BlockPublicAcls": true,
          "BlockPublicPolicy": true,
          "IgnorePublicAcls": true,
          "RestrictPublicBuckets": true,
        },
        "VersioningConfiguration": Object {
          "Status": "Enabled",
        },
      },
      "Type": "AWS::S3::Bucket",
      "UpdateReplacePolicy": "Retain",
    },
    "Certbot2bucketPolicyF5044957": Object {
      "Properties": Object {
        "Bucket": Object {
          "Ref": "Certbot2bucket15AF13C6",
        },
        "PolicyDocument": Object {
          "Statement": Array [
            Object {
              "Action": "s3:*",
              "Condition": Object {
                "Bool": Object {
                  "aws:SecureTransport": "false",
                },
              },
              "Effect": "Deny",
              "Principal": Object {
                "AWS": "*",
              },
              "Resource": Array [
                Object {
                  "Fn::GetAtt": Array [
                    "Certbot2bucket15AF13C6",
                    "Arn",
                  ],
                },
                Object {
                  "Fn::Join": Array [
                    "",
                    Array [
                      Object {
                        "Fn::GetAtt": Array [
                          "Certbot2bucket15AF13C6",
                          "Arn",
                        ],
                      },
                      "/*",
                    ],
                  ],
                },
              ],
            },
          ],
          "Version": "2012-10-17",
        },
      },
      "Type": "AWS::S3::BucketPolicy",
    },
    "Certbot2handlerDD5B6BD6": Object {
      "DependsOn": Array [
        "Certbot2roleDefaultPolicyD41BA24B",
        "Certbot2role947EDF69",
      ],
      "Properties": Object {
        "Code": Object {
          "S3Bucket": "cdk-hnb659fds-assets-123456789012-us-east-1",
          "S3Key": "REMOVED-BECAUSE-WE-ARE-NOT-INTERESTED-IN-LAMBDA-CODE-HASH-IN-THIS-TEST",
        },
        "Description": "Certbot Renewal Lambda for domain test2.local",
        "Environment": Object {
          "Variables": Object {
            "CERTIFICATE_BUCKET": Object {
              "Ref": "Certbot2bucket15AF13C6",
            },
            "CERTIFICATE_STORAGE": "s3",
            "DRY_RUN": "False",
            "LETSENCRYPT_DOMAINS": "test2.local, www.test2.local",
            "LETSENCRYPT_EMAIL": "test@test2.local",
            "NOTIFICATION_SNS_ARN": Object {
              "Ref": "Certbot2topic395A9DCD",
            },
            "OBJECT_PREFIX": "",
            "PREFERRED_CHAIN": "None",
            "REISSUE_DAYS": "30",
          },
        },
        "Handler": "index.handler",
        "Role": Object {
          "Fn::GetAtt": Array [
            "Certbot2role947EDF69",
            "Arn",
          ],
        },
        "Runtime": "python3.10",
        "Timeout": 180,
      },
      "Type": "AWS::Lambda::Function",
    },
    "Certbot2r53Policy92D86BDE": Object {
      "Properties": Object {
        "Description": "Allow the Certbot function to perform DNS verification.",
        "Path": "/",
        "PolicyDocument": Object {
          "Statement": Array [
            Object {
              "Action": "route53:ListHostedZones",
              "Effect": "Allow",
              "Resource": "*",
            },
            Object {
              "Action": Array [
                "route53:GetChange",
                "route53:ChangeResourceRecordSets",
              ],
              "Effect": "Allow",
              "Resource": Array [
                "arn:aws:route53:::change/*",
                Object {
                  "Fn::Join": Array [
                    "",
                    Array [
                      "arn:",
                      Object {
                        "Ref": "AWS::Partition",
                      },
                      ":route53:::hostedzone/DUMMY",
                    ],
                  ],
                },
                Object {
                  "Fn::Join": Array [
                    "",
                    Array [
                      "arn:",
                      Object {
                        "Ref": "AWS::Partition",
                      },
                      ":route53:::hostedzone/",
                      Object {
                        "Ref": "ZoneA5DE4B68",
                      },
                    ],
                  ],
                },
              ],
            },
          ],
          "Version": "2012-10-17",
        },
      },
      "Type": "AWS::IAM::ManagedPolicy",
    },
    "Certbot2role947EDF69": Object {
      "Properties": Object {
        "AssumeRolePolicyDocument": Object {
          "Statement": Array [
            Object {
              "Action": "sts:AssumeRole",
              "Effect": "Allow",
              "Principal": Object {
                "Service": "lambda.amazonaws.com",
              },
            },
          ],
          "Version": "2012-10-17",
        },
        "ManagedPolicyArns": Array [
          Object {
            "Fn::Join": Array [
              "",
              Array [
                "arn:",
                Object {
                  "Ref": "AWS::Partition",
                },
                ":iam::aws:policy/service-role/AWSLambdaBasicExecutionRole",
              ],
            ],
          },
          Object {
            "Ref": "Certbot2snsPolicy34AF5BB6",
          },
          Object {
            "Ref": "Certbot2r53Policy92D86BDE",
          },
          Object {
            "Ref": "Certbot2acmPolicyC37CA3B3",
          },
        ],
      },
      "Type": "AWS::IAM::Role",
    },
    "Certbot2roleDefaultPolicyD41BA24B": Object {
      "Properties": Object {
        "PolicyDocument": Object {
          "Statement": Array [
            Object {
              "Action": Array [
                "s3:GetObject*",
                "s3:GetBucket*",
                "s3:List*",
                "s3:DeleteObject*",
                "s3:PutObject",
                "s3:PutObjectLegalHold",
                "s3:PutObjectRetention",
                "s3:PutObjectTagging",
                "s3:PutObjectVersionTagging",
                "s3:Abort*",
              ],
              "Effect": "Allow",
              "Resource": Array [
                Object {
                  "Fn::GetAtt": Array [
                    "Certbot2bucket15AF13C6",
                    "Arn",
                  ],
                },
                Object {
                  "Fn::Join": Array [
                    "",
                    Array [
                      Object {
                        "Fn::GetAtt": Array [
                          "Certbot2bucket15AF13C6",
                          "Arn",
                        ],
                      },
                      "/*",
                    ],
                  ],
                },
              ],
            },
          ],
          "Version": "2012-10-17",
        },
        "PolicyName": "Certbot2roleDefaultPolicyD41BA24B",
        "Roles": Array [
          Object {
            "Ref": "Certbot2role947EDF69",
          },
        ],
      },
      "Type": "AWS::IAM::Policy",
    },
    "Certbot2snsPolicy34AF5BB6": Object {
      "Properties": Object {
        "Description": "Allow the Certbot function to notify an SNS topic upon completion.",
        "Path": "/",
        "PolicyDocument": Object {
          "Statement": Array [
            Object {
              "Action": "sns:Publish",
              "Effect": "Allow",
              "Resource": Object {
                "Ref": "Certbot2topic395A9DCD",
              },
            },
          ],
          "Version": "2012-10-17",
        },
      },
      "Type": "AWS::IAM::ManagedPolicy",
    },
    "Certbot2topic395A9DCD": Object {
      "Type": "AWS::SNS::Topic",
    },
    "Certbot2topictesttest2localAF8994D0": Object {
      "Properties": Object {
        "Endpoint": "test@test2.local",
        "Protocol": "email",
        "TopicArn": Object {
          "Ref": "Certbot2topic395A9DCD",
        },
      },
      "Type": "AWS::SNS::Subscription",
    },
    "Certbot2triggerA0C0D9CA": Object {
      "Properties": Object {
        "ScheduleExpression": "cron(0 0 ? * 1 *)",
        "State": "ENABLED",
        "Targets": Array [
          Object {
            "Arn": Object {
              "Fn::GetAtt": Array [
                "Certbot2handlerDD5B6BD6",
                "Arn",
              ],
            },
            "Id": "Target0",
          },
        ],
      },
      "Type": "AWS::Events::Rule",
    },
    "Certbot2triggerAllowEventRuleTestStackCertbot2handler0C9B784E8CC7BD79": Object {
      "Properties": Object {
        "Action": "lambda:InvokeFunction",
        "FunctionName": Object {
          "Fn::GetAtt": Array [
            "Certbot2handlerDD5B6BD6",
            "Arn",
          ],
        },
        "Principal": "events.amazonaws.com",
        "SourceArn": Object {
          "Fn::GetAtt": Array [
            "Certbot2triggerA0C0D9CA",
            "Arn",
          ],
        },
      },
      "Type": "AWS::Lambda::Permission",
    },
    "Certbot2triggerImmediateAllowEventRuleTestStackCertbot2handler0C9B784E1442FE9C": Object {
      "Properties": Object {
        "Action": "lambda:InvokeFunction",
        "FunctionName": Object {
          "Fn::GetAtt": Array [
            "Certbot2handlerDD5B6BD6",
            "Arn",
          ],
        },
        "Principal": "events.amazonaws.com",
        "SourceArn": Object {
          "Fn::GetAtt": Array [
            "Certbot2triggerImmediateE4EA1F78",
            "Arn",
          ],
        },
      },
      "Type": "AWS::Lambda::Permission",
    },
    "Certbot2triggerImmediateE4EA1F78": Object {
      "Properties": Object {
        "ScheduleExpression": "cron(10 0 14 1 ? 2021)",
        "State": "ENABLED",
        "Targets": Array [
          Object {
            "Arn": Object {
              "Fn::GetAtt": Array [
                "Certbot2handlerDD5B6BD6",
                "Arn",
              ],
            },
            "Id": "Target0",
          },
        ],
      },
      "Type": "AWS::Events::Rule",
    },
    "Certbot3acmPolicyEB8711A3": Object {
      "Properties": Object {
        "Description": "Allow the Certbot function to import and list certificates.",
        "Path": "/",
        "PolicyDocument": Object {
          "Statement": Array [
            Object {
              "Action": Array [
                "acm:ListCertificates",
                "acm:ImportCertificate",
              ],
              "Effect": "Allow",
              "Resource": "*",
            },
            Object {
              "Action": "acm:DescribeCertificate",
              "Effect": "Allow",
              "Resource": "arn:aws:acm:us-east-1:123456789012:certificate/*",
            },
          ],
          "Version": "2012-10-17",
        },
      },
      "Type": "AWS::IAM::ManagedPolicy",
    },
    "Certbot3handler209B83F5": Object {
      "DependsOn": Array [
        "Certbot3role650AD6C3",
      ],
      "Properties": Object {
        "Code": Object {
          "S3Bucket": "cdk-hnb659fds-assets-123456789012-us-east-1",
          "S3Key": "REMOVED-BECAUSE-WE-ARE-NOT-INTERESTED-IN-LAMBDA-CODE-HASH-IN-THIS-TEST",
        },
        "Description": "Certbot Renewal Lambda for domain test3.local",
        "Environment": Object {
          "Variables": Object {
            "CERTIFICATE_SECRET_PATH": "/certbot/certificates/test3.local/",
            "CERTIFICATE_STORAGE": "secretsmanager",
            "DRY_RUN": "False",
            "LETSENCRYPT_DOMAINS": "test3.local, www.test3.local",
            "LETSENCRYPT_EMAIL": "test@test3.local",
            "NOTIFICATION_SNS_ARN": Object {
              "Ref": "Certbot3topic1D6F86D3",
            },
            "OBJECT_PREFIX": "",
            "PREFERRED_CHAIN": "None",
            "REISSUE_DAYS": "30",
          },
        },
        "Handler": "index.handler",
        "Role": Object {
          "Fn::GetAtt": Array [
            "Certbot3role650AD6C3",
            "Arn",
          ],
        },
        "Runtime": "python3.10",
        "Timeout": 180,
      },
      "Type": "AWS::Lambda::Function",
    },
    "Certbot3r53Policy56156B49": Object {
      "Properties": Object {
        "Description": "Allow the Certbot function to perform DNS verification.",
        "Path": "/",
        "PolicyDocument": Object {
          "Statement": Array [
            Object {
              "Action": "route53:ListHostedZones",
              "Effect": "Allow",
              "Resource": "*",
            },
            Object {
              "Action": Array [
                "route53:GetChange",
                "route53:ChangeResourceRecordSets",
              ],
              "Effect": "Allow",
              "Resource": Array [
                "arn:aws:route53:::change/*",
                Object {
                  "Fn::Join": Array [
                    "",
                    Array [
                      "arn:",
                      Object {
                        "Ref": "AWS::Partition",
                      },
                      ":route53:::hostedzone/DUMMY",
                    ],
                  ],
                },
                Object {
                  "Fn::Join": Array [
                    "",
                    Array [
                      "arn:",
                      Object {
                        "Ref": "AWS::Partition",
                      },
                      ":route53:::hostedzone/",
                      Object {
                        "Ref": "ZoneA5DE4B68",
                      },
                    ],
                  ],
                },
              ],
            },
          ],
          "Version": "2012-10-17",
        },
      },
      "Type": "AWS::IAM::ManagedPolicy",
    },
    "Certbot3role650AD6C3": Object {
      "Properties": Object {
        "AssumeRolePolicyDocument": Object {
          "Statement": Array [
            Object {
              "Action": "sts:AssumeRole",
              "Effect": "Allow",
              "Principal": Object {
                "Service": "lambda.amazonaws.com",
              },
            },
          ],
          "Version": "2012-10-17",
        },
        "ManagedPolicyArns": Array [
          Object {
            "Fn::Join": Array [
              "",
              Array [
                "arn:",
                Object {
                  "Ref": "AWS::Partition",
                },
                ":iam::aws:policy/service-role/AWSLambdaBasicExecutionRole",
              ],
            ],
          },
          Object {
            "Ref": "Certbot3snsPolicy1D9E6026",
          },
          Object {
            "Ref": "Certbot3r53Policy56156B49",
          },
          Object {
            "Ref": "Certbot3acmPolicyEB8711A3",
          },
          Object {
            "Ref": "Certbot3secretsManagerPolicy943A0ACD",
          },
        ],
      },
      "Type": "AWS::IAM::Role",
    },
    "Certbot3secretsManagerPolicy943A0ACD": Object {
      "Properties": Object {
        "Description": "",
        "Path": "/",
        "PolicyDocument": Object {
          "Statement": Array [
            Object {
              "Action": Array [
                "secretsmanager:CreateSecret",
                "secretsmanager:DeleteSecret",
                "secretsmanager:DescribeSecret",
                "secretsmanager:GetSecretValue",
                "secretsmanager:ListSecrets",
                "secretsmanager:PutSecretValue",
                "secretsmanager:UpdateSecret",
              ],
              "Effect": "Allow",
              "Resource": "arn:aws:secretsmanager:us-east-1:123456789012:secret:/certbot/certificates/test3.local/*",
            },
            Object {
              "Action": Array [
                "kms:Decrypt",
                "kms:Encrypt",
              ],
              "Effect": "Allow",
              "Resource": Object {
                "Fn::Join": Array [
                  "",
                  Array [
                    "arn:",
                    Object {
                      "Ref": "AWS::Partition",
                    },
                    ":kms:us-east-1:123456789012:alias/aws/secretsmanager",
                  ],
                ],
              },
            },
          ],
          "Version": "2012-10-17",
        },
      },
      "Type": "AWS::IAM::ManagedPolicy",
    },
    "Certbot3snsPolicy1D9E6026": Object {
      "Properties": Object {
        "Description": "Allow the Certbot function to notify an SNS topic upon completion.",
        "Path": "/",
        "PolicyDocument": Object {
          "Statement": Array [
            Object {
              "Action": "sns:Publish",
              "Effect": "Allow",
              "Resource": Object {
                "Ref": "Certbot3topic1D6F86D3",
              },
            },
          ],
          "Version": "2012-10-17",
        },
      },
      "Type": "AWS::IAM::ManagedPolicy",
    },
    "Certbot3topic1D6F86D3": Object {
      "Type": "AWS::SNS::Topic",
    },
    "Certbot3topictesttest3local57C81B78": Object {
      "Properties": Object {
        "Endpoint": "test@test3.local",
        "Protocol": "email",
        "TopicArn": Object {
          "Ref": "Certbot3topic1D6F86D3",
        },
      },
      "Type": "AWS::SNS::Subscription",
    },
    "Certbot3triggerAllowEventRuleTestStackCertbot3handler2F75392112ED02DD": Object {
      "Properties": Object {
        "Action": "lambda:InvokeFunction",
        "FunctionName": Object {
          "Fn::GetAtt": Array [
            "Certbot3handler209B83F5",
            "Arn",
          ],
        },
        "Principal": "events.amazonaws.com",
        "SourceArn": Object {
          "Fn::GetAtt": Array [
            "Certbot3triggerCFF93877",
            "Arn",
          ],
        },
      },
      "Type": "AWS::Lambda::Permission",
    },
    "Certbot3triggerCFF93877": Object {
      "Properties": Object {
        "ScheduleExpression": "cron(0 0 ? * 1 *)",
        "State": "ENABLED",
        "Targets": Array [
          Object {
            "Arn": Object {
              "Fn::GetAtt": Array [
                "Certbot3handler209B83F5",
                "Arn",
              ],
            },
            "Id": "Target0",
          },
        ],
      },
      "Type": "AWS::Events::Rule",
    },
    "Certbot3triggerImmediateAllowEventRuleTestStackCertbot3handler2F75392155692E82": Object {
      "Properties": Object {
        "Action": "lambda:InvokeFunction",
        "FunctionName": Object {
          "Fn::GetAtt": Array [
            "Certbot3handler209B83F5",
            "Arn",
          ],
        },
        "Principal": "events.amazonaws.com",
        "SourceArn": Object {
          "Fn::GetAtt": Array [
            "Certbot3triggerImmediateF94A9166",
            "Arn",
          ],
        },
      },
      "Type": "AWS::Lambda::Permission",
    },
    "Certbot3triggerImmediateF94A9166": Object {
      "Properties": Object {
        "ScheduleExpression": "cron(10 0 14 1 ? 2021)",
        "State": "ENABLED",
        "Targets": Array [
          Object {
            "Arn": Object {
              "Fn::GetAtt": Array [
                "Certbot3handler209B83F5",
                "Arn",
              ],
            },
            "Id": "Target0",
          },
        ],
      },
      "Type": "AWS::Events::Rule",
    },
    "Certbot4acmPolicy14C7C708": Object {
      "Properties": Object {
        "Description": "Allow the Certbot function to import and list certificates.",
        "Path": "/",
        "PolicyDocument": Object {
          "Statement": Array [
            Object {
              "Action": Array [
                "acm:ListCertificates",
                "acm:ImportCertificate",
              ],
              "Effect": "Allow",
              "Resource": "*",
            },
            Object {
              "Action": "acm:DescribeCertificate",
              "Effect": "Allow",
              "Resource": "arn:aws:acm:us-east-1:123456789012:certificate/*",
            },
          ],
          "Version": "2012-10-17",
        },
      },
      "Type": "AWS::IAM::ManagedPolicy",
    },
    "Certbot4handler9E5C2F8B": Object {
      "DependsOn": Array [
        "Certbot4roleCDF970B1",
      ],
      "Properties": Object {
        "Code": Object {
          "S3Bucket": "cdk-hnb659fds-assets-123456789012-us-east-1",
          "S3Key": "REMOVED-BECAUSE-WE-ARE-NOT-INTERESTED-IN-LAMBDA-CODE-HASH-IN-THIS-TEST",
        },
        "Description": "Certbot Renewal Lambda for domain test4.local",
        "Environment": Object {
          "Variables": Object {
            "CERTIFICATE_SECRET_PATH": "/certbot/certificates/test4.local/",
            "CERTIFICATE_STORAGE": "secretsmanager",
            "CUSTOM_KMS_KEY_ID": "alias/test",
            "DRY_RUN": "False",
            "LETSENCRYPT_DOMAINS": "test4.local, www.test4.local",
            "LETSENCRYPT_EMAIL": "test@test4.local",
            "NOTIFICATION_SNS_ARN": Object {
              "Ref": "Certbot4topic76531857",
            },
            "OBJECT_PREFIX": "",
            "PREFERRED_CHAIN": "None",
            "REISSUE_DAYS": "30",
          },
        },
        "Handler": "index.handler",
        "Role": Object {
          "Fn::GetAtt": Array [
            "Certbot4roleCDF970B1",
            "Arn",
          ],
        },
        "Runtime": "python3.10",
        "Timeout": 180,
      },
      "Type": "AWS::Lambda::Function",
    },
    "Certbot4r53Policy2214C19B": Object {
      "Properties": Object {
        "Description": "Allow the Certbot function to perform DNS verification.",
        "Path": "/",
        "PolicyDocument": Object {
          "Statement": Array [
            Object {
              "Action": "route53:ListHostedZones",
              "Effect": "Allow",
              "Resource": "*",
            },
            Object {
              "Action": Array [
                "route53:GetChange",
                "route53:ChangeResourceRecordSets",
              ],
              "Effect": "Allow",
              "Resource": Array [
                "arn:aws:route53:::change/*",
                Object {
                  "Fn::Join": Array [
                    "",
                    Array [
                      "arn:",
                      Object {
                        "Ref": "AWS::Partition",
                      },
                      ":route53:::hostedzone/DUMMY",
                    ],
                  ],
                },
                Object {
                  "Fn::Join": Array [
                    "",
                    Array [
                      "arn:",
                      Object {
                        "Ref": "AWS::Partition",
                      },
                      ":route53:::hostedzone/",
                      Object {
                        "Ref": "ZoneA5DE4B68",
                      },
                    ],
                  ],
                },
              ],
            },
          ],
          "Version": "2012-10-17",
        },
      },
      "Type": "AWS::IAM::ManagedPolicy",
    },
    "Certbot4roleCDF970B1": Object {
      "Properties": Object {
        "AssumeRolePolicyDocument": Object {
          "Statement": Array [
            Object {
              "Action": "sts:AssumeRole",
              "Effect": "Allow",
              "Principal": Object {
                "Service": "lambda.amazonaws.com",
              },
            },
          ],
          "Version": "2012-10-17",
        },
        "ManagedPolicyArns": Array [
          Object {
            "Fn::Join": Array [
              "",
              Array [
                "arn:",
                Object {
                  "Ref": "AWS::Partition",
                },
                ":iam::aws:policy/service-role/AWSLambdaBasicExecutionRole",
              ],
            ],
          },
          Object {
            "Ref": "Certbot4snsPolicyD4A9E786",
          },
          Object {
            "Ref": "Certbot4r53Policy2214C19B",
          },
          Object {
            "Ref": "Certbot4acmPolicy14C7C708",
          },
          Object {
            "Ref": "Certbot4secretsManagerPolicy86953285",
          },
        ],
      },
      "Type": "AWS::IAM::Role",
    },
    "Certbot4secretsManagerPolicy86953285": Object {
      "Properties": Object {
        "Description": "",
        "Path": "/",
        "PolicyDocument": Object {
          "Statement": Array [
            Object {
              "Action": Array [
                "secretsmanager:CreateSecret",
                "secretsmanager:DeleteSecret",
                "secretsmanager:DescribeSecret",
                "secretsmanager:GetSecretValue",
                "secretsmanager:ListSecrets",
                "secretsmanager:PutSecretValue",
                "secretsmanager:UpdateSecret",
              ],
              "Effect": "Allow",
              "Resource": "arn:aws:secretsmanager:us-east-1:123456789012:secret:/certbot/certificates/test4.local/*",
            },
            Object {
              "Action": Array [
                "kms:Decrypt",
                "kms:Encrypt",
              ],
              "Effect": "Allow",
              "Resource": Object {
                "Fn::Join": Array [
                  "",
                  Array [
                    "arn:",
                    Object {
                      "Ref": "AWS::Partition",
                    },
                    ":kms:us-east-1:123456789012:alias/test",
                  ],
                ],
              },
            },
          ],
          "Version": "2012-10-17",
        },
      },
      "Type": "AWS::IAM::ManagedPolicy",
    },
    "Certbot4snsPolicyD4A9E786": Object {
      "Properties": Object {
        "Description": "Allow the Certbot function to notify an SNS topic upon completion.",
        "Path": "/",
        "PolicyDocument": Object {
          "Statement": Array [
            Object {
              "Action": "sns:Publish",
              "Effect": "Allow",
              "Resource": Object {
                "Ref": "Certbot4topic76531857",
              },
            },
          ],
          "Version": "2012-10-17",
        },
      },
      "Type": "AWS::IAM::ManagedPolicy",
    },
    "Certbot4topic76531857": Object {
      "Type": "AWS::SNS::Topic",
    },
    "Certbot4topictesttest4localED1A0549": Object {
      "Properties": Object {
        "Endpoint": "test@test4.local",
        "Protocol": "email",
        "TopicArn": Object {
          "Ref": "Certbot4topic76531857",
        },
      },
      "Type": "AWS::SNS::Subscription",
    },
    "Certbot4triggerAllowEventRuleTestStackCertbot4handlerAC6D89582016CDD4": Object {
      "Properties": Object {
        "Action": "lambda:InvokeFunction",
        "FunctionName": Object {
          "Fn::GetAtt": Array [
            "Certbot4handler9E5C2F8B",
            "Arn",
          ],
        },
        "Principal": "events.amazonaws.com",
        "SourceArn": Object {
          "Fn::GetAtt": Array [
            "Certbot4triggerF7B3A775",
            "Arn",
          ],
        },
      },
      "Type": "AWS::Lambda::Permission",
    },
    "Certbot4triggerF7B3A775": Object {
      "Properties": Object {
        "ScheduleExpression": "cron(0 0 ? * 1 *)",
        "State": "ENABLED",
        "Targets": Array [
          Object {
            "Arn": Object {
              "Fn::GetAtt": Array [
                "Certbot4handler9E5C2F8B",
                "Arn",
              ],
            },
            "Id": "Target0",
          },
        ],
      },
      "Type": "AWS::Events::Rule",
    },
    "Certbot4triggerImmediateA1AD5D75": Object {
      "Properties": Object {
        "ScheduleExpression": "cron(10 0 14 1 ? 2021)",
        "State": "ENABLED",
        "Targets": Array [
          Object {
            "Arn": Object {
              "Fn::GetAtt": Array [
                "Certbot4handler9E5C2F8B",
                "Arn",
              ],
            },
            "Id": "Target0",
          },
        ],
      },
      "Type": "AWS::Events::Rule",
    },
    "Certbot4triggerImmediateAllowEventRuleTestStackCertbot4handlerAC6D8958F5D23DCC": Object {
      "Properties": Object {
        "Action": "lambda:InvokeFunction",
        "FunctionName": Object {
          "Fn::GetAtt": Array [
            "Certbot4handler9E5C2F8B",
            "Arn",
          ],
        },
        "Principal": "events.amazonaws.com",
        "SourceArn": Object {
          "Fn::GetAtt": Array [
            "Certbot4triggerImmediateA1AD5D75",
            "Arn",
          ],
        },
      },
      "Type": "AWS::Lambda::Permission",
    },
    "Certbot5acmPolicy9282E578": Object {
      "Properties": Object {
        "Description": "Allow the Certbot function to import and list certificates.",
        "Path": "/",
        "PolicyDocument": Object {
          "Statement": Array [
            Object {
              "Action": Array [
                "acm:ListCertificates",
                "acm:ImportCertificate",
              ],
              "Effect": "Allow",
              "Resource": "*",
            },
            Object {
              "Action": "acm:DescribeCertificate",
              "Effect": "Allow",
              "Resource": "arn:aws:acm:us-east-1:123456789012:certificate/*",
            },
          ],
          "Version": "2012-10-17",
        },
      },
      "Type": "AWS::IAM::ManagedPolicy",
    },
    "Certbot5handlerF08FFF65": Object {
      "DependsOn": Array [
        "Certbot5roleF9851B9B",
      ],
      "Properties": Object {
        "Code": Object {
          "S3Bucket": "cdk-hnb659fds-assets-123456789012-us-east-1",
          "S3Key": "REMOVED-BECAUSE-WE-ARE-NOT-INTERESTED-IN-LAMBDA-CODE-HASH-IN-THIS-TEST",
        },
        "Description": "Certbot Renewal Lambda for domain test5.local",
        "Environment": Object {
          "Variables": Object {
            "CERTIFICATE_PARAMETER_PATH": "/certbot/certificates/test5.local/",
            "CERTIFICATE_STORAGE": "ssm_secure",
            "DRY_RUN": "False",
            "LETSENCRYPT_DOMAINS": "test5.local, www.test5.local",
            "LETSENCRYPT_EMAIL": "test@test5.local",
            "NOTIFICATION_SNS_ARN": Object {
              "Ref": "Certbot5topic9F8D3AA7",
            },
            "OBJECT_PREFIX": "",
            "PREFERRED_CHAIN": "None",
            "REISSUE_DAYS": "30",
          },
        },
        "Handler": "index.handler",
        "Role": Object {
          "Fn::GetAtt": Array [
            "Certbot5roleF9851B9B",
            "Arn",
          ],
        },
        "Runtime": "python3.10",
        "Timeout": 180,
      },
      "Type": "AWS::Lambda::Function",
    },
    "Certbot5r53PolicyB6DCE7CB": Object {
      "Properties": Object {
        "Description": "Allow the Certbot function to perform DNS verification.",
        "Path": "/",
        "PolicyDocument": Object {
          "Statement": Array [
            Object {
              "Action": "route53:ListHostedZones",
              "Effect": "Allow",
              "Resource": "*",
            },
            Object {
              "Action": Array [
                "route53:GetChange",
                "route53:ChangeResourceRecordSets",
              ],
              "Effect": "Allow",
              "Resource": Array [
                "arn:aws:route53:::change/*",
                Object {
                  "Fn::Join": Array [
                    "",
                    Array [
                      "arn:",
                      Object {
                        "Ref": "AWS::Partition",
                      },
                      ":route53:::hostedzone/DUMMY",
                    ],
                  ],
                },
                Object {
                  "Fn::Join": Array [
                    "",
                    Array [
                      "arn:",
                      Object {
                        "Ref": "AWS::Partition",
                      },
                      ":route53:::hostedzone/",
                      Object {
                        "Ref": "ZoneA5DE4B68",
                      },
                    ],
                  ],
                },
              ],
            },
          ],
          "Version": "2012-10-17",
        },
      },
      "Type": "AWS::IAM::ManagedPolicy",
    },
    "Certbot5roleF9851B9B": Object {
      "Properties": Object {
        "AssumeRolePolicyDocument": Object {
          "Statement": Array [
            Object {
              "Action": "sts:AssumeRole",
              "Effect": "Allow",
              "Principal": Object {
                "Service": "lambda.amazonaws.com",
              },
            },
          ],
          "Version": "2012-10-17",
        },
        "ManagedPolicyArns": Array [
          Object {
            "Fn::Join": Array [
              "",
              Array [
                "arn:",
                Object {
                  "Ref": "AWS::Partition",
                },
                ":iam::aws:policy/service-role/AWSLambdaBasicExecutionRole",
              ],
            ],
          },
          Object {
            "Ref": "Certbot5snsPolicy504027F9",
          },
          Object {
            "Ref": "Certbot5r53PolicyB6DCE7CB",
          },
          Object {
            "Ref": "Certbot5acmPolicy9282E578",
          },
          Object {
            "Ref": "Certbot5ssmPolicyA94F2710",
          },
        ],
      },
      "Type": "AWS::IAM::Role",
    },
    "Certbot5snsPolicy504027F9": Object {
      "Properties": Object {
        "Description": "Allow the Certbot function to notify an SNS topic upon completion.",
        "Path": "/",
        "PolicyDocument": Object {
          "Statement": Array [
            Object {
              "Action": "sns:Publish",
              "Effect": "Allow",
              "Resource": Object {
                "Ref": "Certbot5topic9F8D3AA7",
              },
            },
          ],
          "Version": "2012-10-17",
        },
      },
      "Type": "AWS::IAM::ManagedPolicy",
    },
    "Certbot5ssmPolicyA94F2710": Object {
      "Properties": Object {
        "Description": "",
        "Path": "/",
        "PolicyDocument": Object {
          "Statement": Array [
            Object {
              "Action": "ssm:PutParameter",
              "Effect": "Allow",
              "Resource": "arn:aws:ssm:us-east-1:123456789012:parameter/certbot/certificates/test5.local/*",
            },
            Object {
              "Action": Array [
                "kms:Decrypt",
                "kms:Encrypt",
              ],
              "Effect": "Allow",
              "Resource": Object {
                "Fn::Join": Array [
                  "",
                  Array [
                    "arn:",
                    Object {
                      "Ref": "AWS::Partition",
                    },
                    ":kms:us-east-1:123456789012:alias/aws/ssm",
                  ],
                ],
              },
            },
          ],
          "Version": "2012-10-17",
        },
      },
      "Type": "AWS::IAM::ManagedPolicy",
    },
    "Certbot5topic9F8D3AA7": Object {
      "Type": "AWS::SNS::Topic",
    },
    "Certbot5topictesttest5local5E1B5E3D": Object {
      "Properties": Object {
        "Endpoint": "test@test5.local",
        "Protocol": "email",
        "TopicArn": Object {
          "Ref": "Certbot5topic9F8D3AA7",
        },
      },
      "Type": "AWS::SNS::Subscription",
    },
    "Certbot5triggerAllowEventRuleTestStackCertbot5handler0F02814B101C2FEC": Object {
      "Properties": Object {
        "Action": "lambda:InvokeFunction",
        "FunctionName": Object {
          "Fn::GetAtt": Array [
            "Certbot5handlerF08FFF65",
            "Arn",
          ],
        },
        "Principal": "events.amazonaws.com",
        "SourceArn": Object {
          "Fn::GetAtt": Array [
            "Certbot5triggerF1F8B5D8",
            "Arn",
          ],
        },
      },
      "Type": "AWS::Lambda::Permission",
    },
    "Certbot5triggerF1F8B5D8": Object {
      "Properties": Object {
        "ScheduleExpression": "cron(0 0 ? * 1 *)",
        "State": "ENABLED",
        "Targets": Array [
          Object {
            "Arn": Object {
              "Fn::GetAtt": Array [
                "Certbot5handlerF08FFF65",
                "Arn",
              ],
            },
            "Id": "Target0",
          },
        ],
      },
      "Type": "AWS::Events::Rule",
    },
    "Certbot5triggerImmediate3FF9395A": Object {
      "Properties": Object {
        "ScheduleExpression": "cron(10 0 14 1 ? 2021)",
        "State": "ENABLED",
        "Targets": Array [
          Object {
            "Arn": Object {
              "Fn::GetAtt": Array [
                "Certbot5handlerF08FFF65",
                "Arn",
              ],
            },
            "Id": "Target0",
          },
        ],
      },
      "Type": "AWS::Events::Rule",
    },
    "Certbot5triggerImmediateAllowEventRuleTestStackCertbot5handler0F02814B4258AD91": Object {
      "Properties": Object {
        "Action": "lambda:InvokeFunction",
        "FunctionName": Object {
          "Fn::GetAtt": Array [
            "Certbot5handlerF08FFF65",
            "Arn",
          ],
        },
        "Principal": "events.amazonaws.com",
        "SourceArn": Object {
          "Fn::GetAtt": Array [
            "Certbot5triggerImmediate3FF9395A",
            "Arn",
          ],
        },
      },
      "Type": "AWS::Lambda::Permission",
    },
    "Certbot6acmPolicy5052A88E": Object {
      "Properties": Object {
        "Description": "Allow the Certbot function to import and list certificates.",
        "Path": "/",
        "PolicyDocument": Object {
          "Statement": Array [
            Object {
              "Action": Array [
                "acm:ListCertificates",
                "acm:ImportCertificate",
              ],
              "Effect": "Allow",
              "Resource": "*",
            },
            Object {
              "Action": "acm:DescribeCertificate",
              "Effect": "Allow",
              "Resource": "arn:aws:acm:us-east-1:123456789012:certificate/*",
            },
          ],
          "Version": "2012-10-17",
        },
      },
      "Type": "AWS::IAM::ManagedPolicy",
    },
    "Certbot6handlerD6A58872": Object {
      "DependsOn": Array [
        "Certbot6role1843873F",
      ],
      "Properties": Object {
        "Code": Object {
          "S3Bucket": "cdk-hnb659fds-assets-123456789012-us-east-1",
          "S3Key": "REMOVED-BECAUSE-WE-ARE-NOT-INTERESTED-IN-LAMBDA-CODE-HASH-IN-THIS-TEST",
        },
        "Description": "Certbot Renewal Lambda for domain test6.local",
        "Environment": Object {
          "Variables": Object {
            "CERTIFICATE_PARAMETER_PATH": "/certbot/certificates/test6.local/",
            "CERTIFICATE_STORAGE": "ssm_secure",
            "CUSTOM_KMS_KEY_ID": "alias/test",
            "DRY_RUN": "False",
            "LETSENCRYPT_DOMAINS": "test6.local, www.test6.local",
            "LETSENCRYPT_EMAIL": "test@test6.local",
            "NOTIFICATION_SNS_ARN": Object {
              "Ref": "Certbot6topic26480D34",
            },
            "OBJECT_PREFIX": "",
            "PREFERRED_CHAIN": "None",
            "REISSUE_DAYS": "30",
          },
        },
        "Handler": "index.handler",
        "Role": Object {
          "Fn::GetAtt": Array [
            "Certbot6role1843873F",
            "Arn",
          ],
        },
        "Runtime": "python3.10",
        "Timeout": 180,
      },
      "Type": "AWS::Lambda::Function",
    },
    "Certbot6r53Policy647E091A": Object {
      "Properties": Object {
        "Description": "Allow the Certbot function to perform DNS verification.",
        "Path": "/",
        "PolicyDocument": Object {
          "Statement": Array [
            Object {
              "Action": "route53:ListHostedZones",
              "Effect": "Allow",
              "Resource": "*",
            },
            Object {
              "Action": Array [
                "route53:GetChange",
                "route53:ChangeResourceRecordSets",
              ],
              "Effect": "Allow",
              "Resource": Array [
                "arn:aws:route53:::change/*",
                Object {
                  "Fn::Join": Array [
                    "",
                    Array [
                      "arn:",
                      Object {
                        "Ref": "AWS::Partition",
                      },
                      ":route53:::hostedzone/DUMMY",
                    ],
                  ],
                },
                Object {
                  "Fn::Join": Array [
                    "",
                    Array [
                      "arn:",
                      Object {
                        "Ref": "AWS::Partition",
                      },
                      ":route53:::hostedzone/",
                      Object {
                        "Ref": "ZoneA5DE4B68",
                      },
                    ],
                  ],
                },
              ],
            },
          ],
          "Version": "2012-10-17",
        },
      },
      "Type": "AWS::IAM::ManagedPolicy",
    },
    "Certbot6role1843873F": Object {
      "Properties": Object {
        "AssumeRolePolicyDocument": Object {
          "Statement": Array [
            Object {
              "Action": "sts:AssumeRole",
              "Effect": "Allow",
              "Principal": Object {
                "Service": "lambda.amazonaws.com",
              },
            },
          ],
          "Version": "2012-10-17",
        },
        "ManagedPolicyArns": Array [
          Object {
            "Fn::Join": Array [
              "",
              Array [
                "arn:",
                Object {
                  "Ref": "AWS::Partition",
                },
                ":iam::aws:policy/service-role/AWSLambdaBasicExecutionRole",
              ],
            ],
          },
          Object {
            "Ref": "Certbot6snsPolicy5FC3F235",
          },
          Object {
            "Ref": "Certbot6r53Policy647E091A",
          },
          Object {
            "Ref": "Certbot6acmPolicy5052A88E",
          },
          Object {
            "Ref": "Certbot6ssmPolicyA7CD83E3",
          },
        ],
      },
      "Type": "AWS::IAM::Role",
    },
    "Certbot6snsPolicy5FC3F235": Object {
      "Properties": Object {
        "Description": "Allow the Certbot function to notify an SNS topic upon completion.",
        "Path": "/",
        "PolicyDocument": Object {
          "Statement": Array [
            Object {
              "Action": "sns:Publish",
              "Effect": "Allow",
              "Resource": Object {
                "Ref": "Certbot6topic26480D34",
              },
            },
          ],
          "Version": "2012-10-17",
        },
      },
      "Type": "AWS::IAM::ManagedPolicy",
    },
    "Certbot6ssmPolicyA7CD83E3": Object {
      "Properties": Object {
        "Description": "",
        "Path": "/",
        "PolicyDocument": Object {
          "Statement": Array [
            Object {
              "Action": "ssm:PutParameter",
              "Effect": "Allow",
              "Resource": "arn:aws:ssm:us-east-1:123456789012:parameter/certbot/certificates/test6.local/*",
            },
            Object {
              "Action": Array [
                "kms:Decrypt",
                "kms:Encrypt",
              ],
              "Effect": "Allow",
              "Resource": Object {
                "Fn::Join": Array [
                  "",
                  Array [
                    "arn:",
                    Object {
                      "Ref": "AWS::Partition",
                    },
                    ":kms:us-east-1:123456789012:alias/test",
                  ],
                ],
              },
            },
          ],
          "Version": "2012-10-17",
        },
      },
      "Type": "AWS::IAM::ManagedPolicy",
    },
    "Certbot6topic26480D34": Object {
      "Type": "AWS::SNS::Topic",
    },
    "Certbot6topictesttest6local90838D49": Object {
      "Properties": Object {
        "Endpoint": "test@test6.local",
        "Protocol": "email",
        "TopicArn": Object {
          "Ref": "Certbot6topic26480D34",
        },
      },
      "Type": "AWS::SNS::Subscription",
    },
    "Certbot6triggerAllowEventRuleTestStackCertbot6handler505405305E03955F": Object {
      "Properties": Object {
        "Action": "lambda:InvokeFunction",
        "FunctionName": Object {
          "Fn::GetAtt": Array [
            "Certbot6handlerD6A58872",
            "Arn",
          ],
        },
        "Principal": "events.amazonaws.com",
        "SourceArn": Object {
          "Fn::GetAtt": Array [
            "Certbot6triggerB07CAACF",
            "Arn",
          ],
        },
      },
      "Type": "AWS::Lambda::Permission",
    },
    "Certbot6triggerB07CAACF": Object {
      "Properties": Object {
        "ScheduleExpression": "cron(0 0 ? * 1 *)",
        "State": "ENABLED",
        "Targets": Array [
          Object {
            "Arn": Object {
              "Fn::GetAtt": Array [
                "Certbot6handlerD6A58872",
                "Arn",
              ],
            },
            "Id": "Target0",
          },
        ],
      },
      "Type": "AWS::Events::Rule",
    },
    "Certbot6triggerImmediate2E81CCDF": Object {
      "Properties": Object {
        "ScheduleExpression": "cron(10 0 14 1 ? 2021)",
        "State": "ENABLED",
        "Targets": Array [
          Object {
            "Arn": Object {
              "Fn::GetAtt": Array [
                "Certbot6handlerD6A58872",
                "Arn",
              ],
            },
            "Id": "Target0",
          },
        ],
      },
      "Type": "AWS::Events::Rule",
    },
    "Certbot6triggerImmediateAllowEventRuleTestStackCertbot6handler505405308F953C97": Object {
      "Properties": Object {
        "Action": "lambda:InvokeFunction",
        "FunctionName": Object {
          "Fn::GetAtt": Array [
            "Certbot6handlerD6A58872",
            "Arn",
          ],
        },
        "Principal": "events.amazonaws.com",
        "SourceArn": Object {
          "Fn::GetAtt": Array [
            "Certbot6triggerImmediate2E81CCDF",
            "Arn",
          ],
        },
      },
      "Type": "AWS::Lambda::Permission",
    },
    "Certbot7acmPolicyE09962E9": Object {
      "Properties": Object {
        "Description": "Allow the Certbot function to import and list certificates.",
        "Path": "/",
        "PolicyDocument": Object {
          "Statement": Array [
            Object {
              "Action": Array [
                "acm:ListCertificates",
                "acm:ImportCertificate",
              ],
              "Effect": "Allow",
              "Resource": "*",
            },
            Object {
              "Action": "acm:DescribeCertificate",
              "Effect": "Allow",
              "Resource": "arn:aws:acm:us-east-1:123456789012:certificate/*",
            },
          ],
          "Version": "2012-10-17",
        },
      },
      "Type": "AWS::IAM::ManagedPolicy",
    },
    "Certbot7handler783F3BCF": Object {
      "DependsOn": Array [
        "Certbot7roleDefaultPolicy5A54E923",
        "Certbot7role3486B307",
        "EfsFileSystemEfsMountTarget1FB1E892A",
        "EfsFileSystemEfsMountTarget26C9652B8",
        "EfsFileSystemEfsSecurityGroupfromTestStackCertbot7handlerSecurityGroup2CE8F2482049DEF3190B",
        "VpcPrivateSubnet1DefaultRouteBE02A9ED",
        "VpcPrivateSubnet1RouteTableAssociation70C59FA6",
        "VpcPrivateSubnet2DefaultRoute060D2087",
        "VpcPrivateSubnet2RouteTableAssociationA89CAD56",
      ],
      "Properties": Object {
        "Code": Object {
          "S3Bucket": "cdk-hnb659fds-assets-123456789012-us-east-1",
          "S3Key": "REMOVED-BECAUSE-WE-ARE-NOT-INTERESTED-IN-LAMBDA-CODE-HASH-IN-THIS-TEST",
        },
        "Description": "Certbot Renewal Lambda for domain test7.local",
        "Environment": Object {
          "Variables": Object {
            "CERTIFICATE_STORAGE": "efs",
            "DRY_RUN": "False",
            "EFS_PATH": "/mnt/efs",
            "LETSENCRYPT_DOMAINS": "test7.local, www.test7.local",
            "LETSENCRYPT_EMAIL": "test@test7.local",
            "NOTIFICATION_SNS_ARN": Object {
              "Ref": "Certbot7topic29F3056A",
            },
            "OBJECT_PREFIX": "",
            "PREFERRED_CHAIN": "None",
            "REISSUE_DAYS": "30",
          },
        },
        "FileSystemConfigs": Array [
          Object {
            "Arn": Object {
              "Fn::Join": Array [
                "",
                Array [
                  "arn:",
                  Object {
                    "Ref": "AWS::Partition",
                  },
                  ":elasticfilesystem:us-east-1:123456789012:access-point/",
                  Object {
                    "Ref": "EfsAccessPoint787A4929",
                  },
                ],
              ],
            },
            "LocalMountPath": "/mnt/efs",
          },
        ],
        "Handler": "index.handler",
        "Role": Object {
          "Fn::GetAtt": Array [
            "Certbot7role3486B307",
            "Arn",
          ],
        },
        "Runtime": "python3.10",
        "Timeout": 180,
        "VpcConfig": Object {
          "SecurityGroupIds": Array [
            Object {
              "Fn::GetAtt": Array [
                "Certbot7handlerSecurityGroupF7301350",
                "GroupId",
              ],
            },
          ],
          "SubnetIds": Array [
            Object {
              "Ref": "VpcPrivateSubnet1Subnet536B997A",
            },
            Object {
              "Ref": "VpcPrivateSubnet2Subnet3788AAA1",
            },
          ],
        },
      },
      "Type": "AWS::Lambda::Function",
    },
    "Certbot7handlerSecurityGroupF7301350": Object {
      "DependsOn": Array [
        "EfsFileSystemEfsMountTarget1FB1E892A",
        "EfsFileSystemEfsMountTarget26C9652B8",
        "VpcPrivateSubnet1DefaultRouteBE02A9ED",
        "VpcPrivateSubnet1RouteTableAssociation70C59FA6",
        "VpcPrivateSubnet2DefaultRoute060D2087",
        "VpcPrivateSubnet2RouteTableAssociationA89CAD56",
      ],
      "Properties": Object {
        "GroupDescription": "Automatic security group for Lambda Function TestStackCertbot7handlerD2953A09",
        "SecurityGroupEgress": Array [
          Object {
            "CidrIp": "0.0.0.0/0",
            "Description": "Allow all outbound traffic by default",
            "IpProtocol": "-1",
          },
        ],
        "VpcId": Object {
          "Ref": "Vpc8378EB38",
        },
      },
      "Type": "AWS::EC2::SecurityGroup",
    },
    "Certbot7r53Policy5F398121": Object {
      "Properties": Object {
        "Description": "Allow the Certbot function to perform DNS verification.",
        "Path": "/",
        "PolicyDocument": Object {
          "Statement": Array [
            Object {
              "Action": "route53:ListHostedZones",
              "Effect": "Allow",
              "Resource": "*",
            },
            Object {
              "Action": Array [
                "route53:GetChange",
                "route53:ChangeResourceRecordSets",
              ],
              "Effect": "Allow",
              "Resource": Array [
                "arn:aws:route53:::change/*",
                Object {
                  "Fn::Join": Array [
                    "",
                    Array [
                      "arn:",
                      Object {
                        "Ref": "AWS::Partition",
                      },
                      ":route53:::hostedzone/DUMMY",
                    ],
                  ],
                },
                Object {
                  "Fn::Join": Array [
                    "",
                    Array [
                      "arn:",
                      Object {
                        "Ref": "AWS::Partition",
                      },
                      ":route53:::hostedzone/",
                      Object {
                        "Ref": "ZoneA5DE4B68",
                      },
                    ],
                  ],
                },
              ],
            },
          ],
          "Version": "2012-10-17",
        },
      },
      "Type": "AWS::IAM::ManagedPolicy",
    },
    "Certbot7role3486B307": Object {
      "Properties": Object {
        "AssumeRolePolicyDocument": Object {
          "Statement": Array [
            Object {
              "Action": "sts:AssumeRole",
              "Effect": "Allow",
              "Principal": Object {
                "Service": "lambda.amazonaws.com",
              },
            },
          ],
          "Version": "2012-10-17",
        },
        "ManagedPolicyArns": Array [
          Object {
            "Fn::Join": Array [
              "",
              Array [
                "arn:",
                Object {
                  "Ref": "AWS::Partition",
                },
                ":iam::aws:policy/service-role/AWSLambdaBasicExecutionRole",
              ],
            ],
          },
          Object {
            "Ref": "Certbot7snsPolicyFB8DE6C4",
          },
          Object {
            "Ref": "Certbot7r53Policy5F398121",
          },
          Object {
            "Ref": "Certbot7acmPolicyE09962E9",
          },
          Object {
            "Fn::Join": Array [
              "",
              Array [
                "arn:",
                Object {
                  "Ref": "AWS::Partition",
                },
                ":iam::aws:policy/service-role/AWSLambdaVPCAccessExecutionRole",
              ],
            ],
          },
        ],
      },
      "Type": "AWS::IAM::Role",
    },
    "Certbot7roleDefaultPolicy5A54E923": Object {
      "Properties": Object {
        "PolicyDocument": Object {
          "Statement": Array [
            Object {
              "Action": "elasticfilesystem:ClientMount",
              "Condition": Object {
                "StringEquals": Object {
                  "elasticfilesystem:AccessPointArn": Object {
                    "Fn::Join": Array [
                      "",
                      Array [
                        "arn:",
                        Object {
                          "Ref": "AWS::Partition",
                        },
                        ":elasticfilesystem:us-east-1:123456789012:access-point/",
                        Object {
                          "Ref": "EfsAccessPoint787A4929",
                        },
                      ],
                    ],
                  },
                },
              },
              "Effect": "Allow",
              "Resource": "*",
            },
            Object {
              "Action": "elasticfilesystem:ClientWrite",
              "Effect": "Allow",
              "Resource": Object {
                "Fn::Join": Array [
                  "",
                  Array [
                    "arn:",
                    Object {
                      "Ref": "AWS::Partition",
                    },
                    ":elasticfilesystem:us-east-1:123456789012:file-system/",
                    Object {
                      "Ref": "EfsFileSystem37910666",
                    },
                  ],
                ],
              },
            },
          ],
          "Version": "2012-10-17",
        },
        "PolicyName": "Certbot7roleDefaultPolicy5A54E923",
        "Roles": Array [
          Object {
            "Ref": "Certbot7role3486B307",
          },
        ],
      },
      "Type": "AWS::IAM::Policy",
    },
    "Certbot7snsPolicyFB8DE6C4": Object {
      "Properties": Object {
        "Description": "Allow the Certbot function to notify an SNS topic upon completion.",
        "Path": "/",
        "PolicyDocument": Object {
          "Statement": Array [
            Object {
              "Action": "sns:Publish",
              "Effect": "Allow",
              "Resource": Object {
                "Ref": "Certbot7topic29F3056A",
              },
            },
          ],
          "Version": "2012-10-17",
        },
      },
      "Type": "AWS::IAM::ManagedPolicy",
    },
    "Certbot7topic29F3056A": Object {
      "Type": "AWS::SNS::Topic",
    },
    "Certbot7topictesttest7local7692AF4E": Object {
      "Properties": Object {
        "Endpoint": "test@test7.local",
        "Protocol": "email",
        "TopicArn": Object {
          "Ref": "Certbot7topic29F3056A",
        },
      },
      "Type": "AWS::SNS::Subscription",
    },
    "Certbot7triggerAllowEventRuleTestStackCertbot7handlerD2953A09CE571204": Object {
      "Properties": Object {
        "Action": "lambda:InvokeFunction",
        "FunctionName": Object {
          "Fn::GetAtt": Array [
            "Certbot7handler783F3BCF",
            "Arn",
          ],
        },
        "Principal": "events.amazonaws.com",
        "SourceArn": Object {
          "Fn::GetAtt": Array [
            "Certbot7triggerD7634811",
            "Arn",
          ],
        },
      },
      "Type": "AWS::Lambda::Permission",
    },
    "Certbot7triggerD7634811": Object {
      "Properties": Object {
        "ScheduleExpression": "cron(0 0 ? * 1 *)",
        "State": "ENABLED",
        "Targets": Array [
          Object {
            "Arn": Object {
              "Fn::GetAtt": Array [
                "Certbot7handler783F3BCF",
                "Arn",
              ],
            },
            "Id": "Target0",
          },
        ],
      },
      "Type": "AWS::Events::Rule",
    },
    "Certbot7triggerImmediate394232D4": Object {
      "Properties": Object {
        "ScheduleExpression": "cron(10 0 14 1 ? 2021)",
        "State": "ENABLED",
        "Targets": Array [
          Object {
            "Arn": Object {
              "Fn::GetAtt": Array [
                "Certbot7handler783F3BCF",
                "Arn",
              ],
            },
            "Id": "Target0",
          },
        ],
      },
      "Type": "AWS::Events::Rule",
    },
    "Certbot7triggerImmediateAllowEventRuleTestStackCertbot7handlerD2953A09DC236C7E": Object {
      "Properties": Object {
        "Action": "lambda:InvokeFunction",
        "FunctionName": Object {
          "Fn::GetAtt": Array [
            "Certbot7handler783F3BCF",
            "Arn",
          ],
        },
        "Principal": "events.amazonaws.com",
        "SourceArn": Object {
          "Fn::GetAtt": Array [
            "Certbot7triggerImmediate394232D4",
            "Arn",
          ],
        },
      },
      "Type": "AWS::Lambda::Permission",
    },
    "CertbotacmPolicy047B0647": Object {
      "Properties": Object {
        "Description": "Allow the Certbot function to import and list certificates.",
        "Path": "/",
        "PolicyDocument": Object {
          "Statement": Array [
            Object {
              "Action": Array [
                "acm:ListCertificates",
                "acm:ImportCertificate",
              ],
              "Effect": "Allow",
              "Resource": "*",
            },
            Object {
              "Action": "acm:DescribeCertificate",
              "Effect": "Allow",
              "Resource": "arn:aws:acm:us-east-1:123456789012:certificate/*",
            },
          ],
          "Version": "2012-10-17",
        },
      },
      "Type": "AWS::IAM::ManagedPolicy",
    },
    "Certbotbucket4B0141F9": Object {
      "DeletionPolicy": "Retain",
      "Properties": Object {
        "BucketEncryption": Object {
          "ServerSideEncryptionConfiguration": Array [
            Object {
              "ServerSideEncryptionByDefault": Object {
                "SSEAlgorithm": "AES256",
              },
            },
          ],
        },
        "LifecycleConfiguration": Object {
          "Rules": Array [
            Object {
              "AbortIncompleteMultipartUpload": Object {
                "DaysAfterInitiation": 1,
              },
              "Status": "Enabled",
            },
          ],
        },
        "OwnershipControls": Object {
          "Rules": Array [
            Object {
              "ObjectOwnership": "BucketOwnerPreferred",
            },
          ],
        },
        "PublicAccessBlockConfiguration": Object {
          "BlockPublicAcls": true,
          "BlockPublicPolicy": true,
          "IgnorePublicAcls": true,
          "RestrictPublicBuckets": true,
        },
        "VersioningConfiguration": Object {
          "Status": "Enabled",
        },
      },
      "Type": "AWS::S3::Bucket",
      "UpdateReplacePolicy": "Retain",
    },
    "CertbotbucketPolicy2B76343E": Object {
      "Properties": Object {
        "Bucket": Object {
          "Ref": "Certbotbucket4B0141F9",
        },
        "PolicyDocument": Object {
          "Statement": Array [
            Object {
              "Action": "s3:*",
              "Condition": Object {
                "Bool": Object {
                  "aws:SecureTransport": "false",
                },
              },
              "Effect": "Deny",
              "Principal": Object {
                "AWS": "*",
              },
              "Resource": Array [
                Object {
                  "Fn::GetAtt": Array [
                    "Certbotbucket4B0141F9",
                    "Arn",
                  ],
                },
                Object {
                  "Fn::Join": Array [
                    "",
                    Array [
                      Object {
                        "Fn::GetAtt": Array [
                          "Certbotbucket4B0141F9",
                          "Arn",
                        ],
                      },
                      "/*",
                    ],
                  ],
                },
              ],
            },
          ],
          "Version": "2012-10-17",
        },
      },
      "Type": "AWS::S3::BucketPolicy",
    },
    "CertbothandlerD1E99A6A": Object {
      "DependsOn": Array [
        "CertbotroleDefaultPolicy6B0533F6",
        "Certbotrole7718327E",
      ],
      "Properties": Object {
        "Code": Object {
          "S3Bucket": "cdk-hnb659fds-assets-123456789012-us-east-1",
          "S3Key": "REMOVED-BECAUSE-WE-ARE-NOT-INTERESTED-IN-LAMBDA-CODE-HASH-IN-THIS-TEST",
        },
        "Description": "Certbot Renewal Lambda for domain test.local",
        "Environment": Object {
          "Variables": Object {
            "CERTIFICATE_BUCKET": Object {
              "Ref": "Certbotbucket4B0141F9",
            },
            "CERTIFICATE_STORAGE": "s3",
            "DRY_RUN": "False",
            "LETSENCRYPT_DOMAINS": "test.local, www.test.local",
            "LETSENCRYPT_EMAIL": "test@test.local",
            "NOTIFICATION_SNS_ARN": Object {
              "Ref": "CertbottopicCA144CF6",
            },
            "OBJECT_PREFIX": "",
            "PREFERRED_CHAIN": "None",
            "REISSUE_DAYS": "30",
          },
        },
        "Handler": "index.handler",
        "Role": Object {
          "Fn::GetAtt": Array [
            "Certbotrole7718327E",
            "Arn",
          ],
        },
        "Runtime": "python3.10",
        "Timeout": 180,
      },
      "Type": "AWS::Lambda::Function",
    },
    "Certbotr53PolicyAE23E6E5": Object {
      "Properties": Object {
        "Description": "Allow the Certbot function to perform DNS verification.",
        "Path": "/",
        "PolicyDocument": Object {
          "Statement": Array [
            Object {
              "Action": "route53:ListHostedZones",
              "Effect": "Allow",
              "Resource": "*",
            },
            Object {
              "Action": Array [
                "route53:GetChange",
                "route53:ChangeResourceRecordSets",
              ],
              "Effect": "Allow",
              "Resource": Array [
                "arn:aws:route53:::change/*",
                Object {
                  "Fn::Join": Array [
                    "",
                    Array [
                      "arn:",
                      Object {
                        "Ref": "AWS::Partition",
                      },
                      ":route53:::hostedzone/DUMMY",
                    ],
                  ],
                },
                Object {
                  "Fn::Join": Array [
                    "",
                    Array [
                      "arn:",
                      Object {
                        "Ref": "AWS::Partition",
                      },
                      ":route53:::hostedzone/",
                      Object {
                        "Ref": "ZoneA5DE4B68",
                      },
                    ],
                  ],
                },
              ],
            },
          ],
          "Version": "2012-10-17",
        },
      },
      "Type": "AWS::IAM::ManagedPolicy",
    },
    "Certbotrole7718327E": Object {
      "Properties": Object {
        "AssumeRolePolicyDocument": Object {
          "Statement": Array [
            Object {
              "Action": "sts:AssumeRole",
              "Effect": "Allow",
              "Principal": Object {
                "Service": "lambda.amazonaws.com",
              },
            },
          ],
          "Version": "2012-10-17",
        },
        "ManagedPolicyArns": Array [
          Object {
            "Fn::Join": Array [
              "",
              Array [
                "arn:",
                Object {
                  "Ref": "AWS::Partition",
                },
                ":iam::aws:policy/service-role/AWSLambdaBasicExecutionRole",
              ],
            ],
          },
          Object {
            "Ref": "CertbotsnsPolicyB1083589",
          },
          Object {
            "Ref": "Certbotr53PolicyAE23E6E5",
          },
          Object {
            "Ref": "CertbotacmPolicy047B0647",
          },
        ],
      },
      "Type": "AWS::IAM::Role",
    },
    "CertbotroleDefaultPolicy6B0533F6": Object {
      "Properties": Object {
        "PolicyDocument": Object {
          "Statement": Array [
            Object {
              "Action": Array [
                "s3:GetObject*",
                "s3:GetBucket*",
                "s3:List*",
                "s3:DeleteObject*",
                "s3:PutObject",
                "s3:PutObjectLegalHold",
                "s3:PutObjectRetention",
                "s3:PutObjectTagging",
                "s3:PutObjectVersionTagging",
                "s3:Abort*",
              ],
              "Effect": "Allow",
              "Resource": Array [
                Object {
                  "Fn::GetAtt": Array [
                    "Certbotbucket4B0141F9",
                    "Arn",
                  ],
                },
                Object {
                  "Fn::Join": Array [
                    "",
                    Array [
                      Object {
                        "Fn::GetAtt": Array [
                          "Certbotbucket4B0141F9",
                          "Arn",
                        ],
                      },
                      "/*",
                    ],
                  ],
                },
              ],
            },
          ],
          "Version": "2012-10-17",
        },
        "PolicyName": "CertbotroleDefaultPolicy6B0533F6",
        "Roles": Array [
          Object {
            "Ref": "Certbotrole7718327E",
          },
        ],
      },
      "Type": "AWS::IAM::Policy",
    },
    "CertbotsnsPolicyB1083589": Object {
      "Properties": Object {
        "Description": "Allow the Certbot function to notify an SNS topic upon completion.",
        "Path": "/",
        "PolicyDocument": Object {
          "Statement": Array [
            Object {
              "Action": "sns:Publish",
              "Effect": "Allow",
              "Resource": Object {
                "Ref": "CertbottopicCA144CF6",
              },
            },
          ],
          "Version": "2012-10-17",
        },
      },
      "Type": "AWS::IAM::ManagedPolicy",
    },
    "CertbottopicCA144CF6": Object {
      "Type": "AWS::SNS::Topic",
    },
    "Certbottopictesttestlocal58092F4B": Object {
      "Properties": Object {
        "Endpoint": "test@test.local",
        "Protocol": "email",
        "TopicArn": Object {
          "Ref": "CertbottopicCA144CF6",
        },
      },
      "Type": "AWS::SNS::Subscription",
    },
    "CertbottriggerAllowEventRuleTestStackCertbothandlerA125D3999C57ECC2": Object {
      "Properties": Object {
        "Action": "lambda:InvokeFunction",
        "FunctionName": Object {
          "Fn::GetAtt": Array [
            "CertbothandlerD1E99A6A",
            "Arn",
          ],
        },
        "Principal": "events.amazonaws.com",
        "SourceArn": Object {
          "Fn::GetAtt": Array [
            "CertbottriggerEEDF6DB7",
            "Arn",
          ],
        },
      },
      "Type": "AWS::Lambda::Permission",
    },
    "CertbottriggerEEDF6DB7": Object {
      "Properties": Object {
        "ScheduleExpression": "cron(0 0 ? * 1 *)",
        "State": "ENABLED",
        "Targets": Array [
          Object {
            "Arn": Object {
              "Fn::GetAtt": Array [
                "CertbothandlerD1E99A6A",
                "Arn",
              ],
            },
            "Id": "Target0",
          },
        ],
      },
      "Type": "AWS::Events::Rule",
    },
    "CertbottriggerImmediate08D06D4E": Object {
      "Properties": Object {
        "ScheduleExpression": "cron(10 0 14 1 ? 2021)",
        "State": "ENABLED",
        "Targets": Array [
          Object {
            "Arn": Object {
              "Fn::GetAtt": Array [
                "CertbothandlerD1E99A6A",
                "Arn",
              ],
            },
            "Id": "Target0",
          },
        ],
      },
      "Type": "AWS::Events::Rule",
    },
    "CertbottriggerImmediateAllowEventRuleTestStackCertbothandlerA125D39916D7FE46": Object {
      "Properties": Object {
        "Action": "lambda:InvokeFunction",
        "FunctionName": Object {
          "Fn::GetAtt": Array [
            "CertbothandlerD1E99A6A",
            "Arn",
          ],
        },
        "Principal": "events.amazonaws.com",
        "SourceArn": Object {
          "Fn::GetAtt": Array [
            "CertbottriggerImmediate08D06D4E",
            "Arn",
          ],
        },
      },
      "Type": "AWS::Lambda::Permission",
    },
    "EfsAccessPoint787A4929": Object {
      "Properties": Object {
        "AccessPointTags": Array [
          Object {
            "Key": "Name",
            "Value": "TestStack/EfsAccessPoint",
          },
        ],
        "FileSystemId": Object {
          "Ref": "EfsFileSystem37910666",
        },
        "RootDirectory": Object {
          "CreationInfo": Object {
            "OwnerGid": "1000",
            "OwnerUid": "1000",
            "Permissions": "700",
          },
          "Path": "/certs",
        },
      },
      "Type": "AWS::EFS::AccessPoint",
    },
    "EfsFileSystem37910666": Object {
      "DeletionPolicy": "Retain",
      "Properties": Object {
        "Encrypted": true,
        "FileSystemTags": Array [
          Object {
            "Key": "Name",
            "Value": "TestStack/EfsFileSystem",
          },
        ],
      },
      "Type": "AWS::EFS::FileSystem",
      "UpdateReplacePolicy": "Retain",
    },
    "EfsFileSystemEfsMountTarget1FB1E892A": Object {
      "Properties": Object {
        "FileSystemId": Object {
          "Ref": "EfsFileSystem37910666",
        },
        "SecurityGroups": Array [
          Object {
            "Fn::GetAtt": Array [
              "EfsFileSystemEfsSecurityGroup68CC9E7F",
              "GroupId",
            ],
          },
        ],
        "SubnetId": Object {
          "Ref": "VpcPrivateSubnet1Subnet536B997A",
        },
      },
      "Type": "AWS::EFS::MountTarget",
    },
    "EfsFileSystemEfsMountTarget26C9652B8": Object {
      "Properties": Object {
        "FileSystemId": Object {
          "Ref": "EfsFileSystem37910666",
        },
        "SecurityGroups": Array [
          Object {
            "Fn::GetAtt": Array [
              "EfsFileSystemEfsSecurityGroup68CC9E7F",
              "GroupId",
            ],
          },
        ],
        "SubnetId": Object {
          "Ref": "VpcPrivateSubnet2Subnet3788AAA1",
        },
      },
      "Type": "AWS::EFS::MountTarget",
    },
    "EfsFileSystemEfsSecurityGroup68CC9E7F": Object {
      "Properties": Object {
        "GroupDescription": "TestStack/EfsFileSystem/EfsSecurityGroup",
        "SecurityGroupEgress": Array [
          Object {
            "CidrIp": "0.0.0.0/0",
            "Description": "Allow all outbound traffic by default",
            "IpProtocol": "-1",
          },
        ],
        "Tags": Array [
          Object {
            "Key": "Name",
            "Value": "TestStack/EfsFileSystem",
          },
        ],
        "VpcId": Object {
          "Ref": "Vpc8378EB38",
        },
      },
      "Type": "AWS::EC2::SecurityGroup",
    },
    "EfsFileSystemEfsSecurityGroupfromTestStackCertbot7handlerSecurityGroup2CE8F2482049DEF3190B": Object {
      "Properties": Object {
        "Description": "from TestStackCertbot7handlerSecurityGroup2CE8F248:2049",
        "FromPort": 2049,
        "GroupId": Object {
          "Fn::GetAtt": Array [
            "EfsFileSystemEfsSecurityGroup68CC9E7F",
            "GroupId",
          ],
        },
        "IpProtocol": "tcp",
        "SourceSecurityGroupId": Object {
          "Fn::GetAtt": Array [
            "Certbot7handlerSecurityGroupF7301350",
            "GroupId",
          ],
        },
        "ToPort": 2049,
      },
      "Type": "AWS::EC2::SecurityGroupIngress",
    },
    "KmsKey46693ADD": Object {
      "DeletionPolicy": "Retain",
      "Properties": Object {
        "KeyPolicy": Object {
          "Statement": Array [
            Object {
              "Action": "kms:*",
              "Effect": "Allow",
              "Principal": Object {
                "AWS": Object {
                  "Fn::Join": Array [
                    "",
                    Array [
                      "arn:",
                      Object {
                        "Ref": "AWS::Partition",
                      },
                      ":iam::123456789012:root",
                    ],
                  ],
                },
              },
              "Resource": "*",
            },
          ],
          "Version": "2012-10-17",
        },
      },
      "Type": "AWS::KMS::Key",
      "UpdateReplacePolicy": "Retain",
    },
    "KmsKeyAlias513C0C4A": Object {
      "Properties": Object {
        "AliasName": "alias/test",
        "TargetKeyId": Object {
          "Fn::GetAtt": Array [
            "KmsKey46693ADD",
            "Arn",
          ],
        },
      },
      "Type": "AWS::KMS::Alias",
    },
    "Vpc8378EB38": Object {
      "Properties": Object {
        "CidrBlock": "10.0.0.0/16",
        "EnableDnsHostnames": true,
        "EnableDnsSupport": true,
        "InstanceTenancy": "default",
        "Tags": Array [
          Object {
            "Key": "Name",
            "Value": "TestStack/Vpc",
          },
        ],
      },
      "Type": "AWS::EC2::VPC",
    },
    "VpcIGWD7BA715C": Object {
      "Properties": Object {
        "Tags": Array [
          Object {
            "Key": "Name",
            "Value": "TestStack/Vpc",
          },
        ],
      },
      "Type": "AWS::EC2::InternetGateway",
    },
    "VpcPrivateSubnet1DefaultRouteBE02A9ED": Object {
      "Properties": Object {
        "DestinationCidrBlock": "0.0.0.0/0",
        "NatGatewayId": Object {
          "Ref": "VpcPublicSubnet1NATGateway4D7517AA",
        },
        "RouteTableId": Object {
          "Ref": "VpcPrivateSubnet1RouteTableB2C5B500",
        },
      },
      "Type": "AWS::EC2::Route",
    },
    "VpcPrivateSubnet1RouteTableAssociation70C59FA6": Object {
      "Properties": Object {
        "RouteTableId": Object {
          "Ref": "VpcPrivateSubnet1RouteTableB2C5B500",
        },
        "SubnetId": Object {
          "Ref": "VpcPrivateSubnet1Subnet536B997A",
        },
      },
      "Type": "AWS::EC2::SubnetRouteTableAssociation",
    },
    "VpcPrivateSubnet1RouteTableB2C5B500": Object {
      "Properties": Object {
        "Tags": Array [
          Object {
            "Key": "Name",
            "Value": "TestStack/Vpc/PrivateSubnet1",
          },
        ],
        "VpcId": Object {
          "Ref": "Vpc8378EB38",
        },
      },
      "Type": "AWS::EC2::RouteTable",
    },
    "VpcPrivateSubnet1Subnet536B997A": Object {
      "Properties": Object {
        "AvailabilityZone": "dummy1a",
        "CidrBlock": "10.0.128.0/18",
        "MapPublicIpOnLaunch": false,
        "Tags": Array [
          Object {
            "Key": "aws-cdk:subnet-name",
            "Value": "Private",
          },
          Object {
            "Key": "aws-cdk:subnet-type",
            "Value": "Private",
          },
          Object {
            "Key": "Name",
            "Value": "TestStack/Vpc/PrivateSubnet1",
          },
        ],
        "VpcId": Object {
          "Ref": "Vpc8378EB38",
        },
      },
      "Type": "AWS::EC2::Subnet",
    },
    "VpcPrivateSubnet2DefaultRoute060D2087": Object {
      "Properties": Object {
        "DestinationCidrBlock": "0.0.0.0/0",
        "NatGatewayId": Object {
          "Ref": "VpcPublicSubnet2NATGateway9182C01D",
        },
        "RouteTableId": Object {
          "Ref": "VpcPrivateSubnet2RouteTableA678073B",
        },
      },
      "Type": "AWS::EC2::Route",
    },
    "VpcPrivateSubnet2RouteTableA678073B": Object {
      "Properties": Object {
        "Tags": Array [
          Object {
            "Key": "Name",
            "Value": "TestStack/Vpc/PrivateSubnet2",
          },
        ],
        "VpcId": Object {
          "Ref": "Vpc8378EB38",
        },
      },
      "Type": "AWS::EC2::RouteTable",
    },
    "VpcPrivateSubnet2RouteTableAssociationA89CAD56": Object {
      "Properties": Object {
        "RouteTableId": Object {
          "Ref": "VpcPrivateSubnet2RouteTableA678073B",
        },
        "SubnetId": Object {
          "Ref": "VpcPrivateSubnet2Subnet3788AAA1",
        },
      },
      "Type": "AWS::EC2::SubnetRouteTableAssociation",
    },
    "VpcPrivateSubnet2Subnet3788AAA1": Object {
      "Properties": Object {
        "AvailabilityZone": "dummy1b",
        "CidrBlock": "10.0.192.0/18",
        "MapPublicIpOnLaunch": false,
        "Tags": Array [
          Object {
            "Key": "aws-cdk:subnet-name",
            "Value": "Private",
          },
          Object {
            "Key": "aws-cdk:subnet-type",
            "Value": "Private",
          },
          Object {
            "Key": "Name",
            "Value": "TestStack/Vpc/PrivateSubnet2",
          },
        ],
        "VpcId": Object {
          "Ref": "Vpc8378EB38",
        },
      },
      "Type": "AWS::EC2::Subnet",
    },
    "VpcPublicSubnet1DefaultRoute3DA9E72A": Object {
      "DependsOn": Array [
        "VpcVPCGWBF912B6E",
      ],
      "Properties": Object {
        "DestinationCidrBlock": "0.0.0.0/0",
        "GatewayId": Object {
          "Ref": "VpcIGWD7BA715C",
        },
        "RouteTableId": Object {
          "Ref": "VpcPublicSubnet1RouteTable6C95E38E",
        },
      },
      "Type": "AWS::EC2::Route",
    },
    "VpcPublicSubnet1EIPD7E02669": Object {
      "Properties": Object {
        "Domain": "vpc",
        "Tags": Array [
          Object {
            "Key": "Name",
            "Value": "TestStack/Vpc/PublicSubnet1",
          },
        ],
      },
      "Type": "AWS::EC2::EIP",
    },
    "VpcPublicSubnet1NATGateway4D7517AA": Object {
      "DependsOn": Array [
        "VpcPublicSubnet1DefaultRoute3DA9E72A",
        "VpcPublicSubnet1RouteTableAssociation97140677",
      ],
      "Properties": Object {
        "AllocationId": Object {
          "Fn::GetAtt": Array [
            "VpcPublicSubnet1EIPD7E02669",
            "AllocationId",
          ],
        },
        "SubnetId": Object {
          "Ref": "VpcPublicSubnet1Subnet5C2D37C4",
        },
        "Tags": Array [
          Object {
            "Key": "Name",
            "Value": "TestStack/Vpc/PublicSubnet1",
          },
        ],
      },
      "Type": "AWS::EC2::NatGateway",
    },
    "VpcPublicSubnet1RouteTable6C95E38E": Object {
      "Properties": Object {
        "Tags": Array [
          Object {
            "Key": "Name",
            "Value": "TestStack/Vpc/PublicSubnet1",
          },
        ],
        "VpcId": Object {
          "Ref": "Vpc8378EB38",
        },
      },
      "Type": "AWS::EC2::RouteTable",
    },
    "VpcPublicSubnet1RouteTableAssociation97140677": Object {
      "Properties": Object {
        "RouteTableId": Object {
          "Ref": "VpcPublicSubnet1RouteTable6C95E38E",
        },
        "SubnetId": Object {
          "Ref": "VpcPublicSubnet1Subnet5C2D37C4",
        },
      },
      "Type": "AWS::EC2::SubnetRouteTableAssociation",
    },
    "VpcPublicSubnet1Subnet5C2D37C4": Object {
      "Properties": Object {
        "AvailabilityZone": "dummy1a",
        "CidrBlock": "10.0.0.0/18",
        "MapPublicIpOnLaunch": true,
        "Tags": Array [
          Object {
            "Key": "aws-cdk:subnet-name",
            "Value": "Public",
          },
          Object {
            "Key": "aws-cdk:subnet-type",
            "Value": "Public",
          },
          Object {
            "Key": "Name",
            "Value": "TestStack/Vpc/PublicSubnet1",
          },
        ],
        "VpcId": Object {
          "Ref": "Vpc8378EB38",
        },
      },
      "Type": "AWS::EC2::Subnet",
    },
    "VpcPublicSubnet2DefaultRoute97F91067": Object {
      "DependsOn": Array [
        "VpcVPCGWBF912B6E",
      ],
      "Properties": Object {
        "DestinationCidrBlock": "0.0.0.0/0",
        "GatewayId": Object {
          "Ref": "VpcIGWD7BA715C",
        },
        "RouteTableId": Object {
          "Ref": "VpcPublicSubnet2RouteTable94F7E489",
        },
      },
      "Type": "AWS::EC2::Route",
    },
    "VpcPublicSubnet2EIP3C605A87": Object {
      "Properties": Object {
        "Domain": "vpc",
        "Tags": Array [
          Object {
            "Key": "Name",
            "Value": "TestStack/Vpc/PublicSubnet2",
          },
        ],
      },
      "Type": "AWS::EC2::EIP",
    },
    "VpcPublicSubnet2NATGateway9182C01D": Object {
      "DependsOn": Array [
        "VpcPublicSubnet2DefaultRoute97F91067",
        "VpcPublicSubnet2RouteTableAssociationDD5762D8",
      ],
      "Properties": Object {
        "AllocationId": Object {
          "Fn::GetAtt": Array [
            "VpcPublicSubnet2EIP3C605A87",
            "AllocationId",
          ],
        },
        "SubnetId": Object {
          "Ref": "VpcPublicSubnet2Subnet691E08A3",
        },
        "Tags": Array [
          Object {
            "Key": "Name",
            "Value": "TestStack/Vpc/PublicSubnet2",
          },
        ],
      },
      "Type": "AWS::EC2::NatGateway",
    },
    "VpcPublicSubnet2RouteTable94F7E489": Object {
      "Properties": Object {
        "Tags": Array [
          Object {
            "Key": "Name",
            "Value": "TestStack/Vpc/PublicSubnet2",
          },
        ],
        "VpcId": Object {
          "Ref": "Vpc8378EB38",
        },
      },
      "Type": "AWS::EC2::RouteTable",
    },
    "VpcPublicSubnet2RouteTableAssociationDD5762D8": Object {
      "Properties": Object {
        "RouteTableId": Object {
          "Ref": "VpcPublicSubnet2RouteTable94F7E489",
        },
        "SubnetId": Object {
          "Ref": "VpcPublicSubnet2Subnet691E08A3",
        },
      },
      "Type": "AWS::EC2::SubnetRouteTableAssociation",
    },
    "VpcPublicSubnet2Subnet691E08A3": Object {
      "Properties": Object {
        "AvailabilityZone": "dummy1b",
        "CidrBlock": "10.0.64.0/18",
        "MapPublicIpOnLaunch": true,
        "Tags": Array [
          Object {
            "Key": "aws-cdk:subnet-name",
            "Value": "Public",
          },
          Object {
            "Key": "aws-cdk:subnet-type",
            "Value": "Public",
          },
          Object {
            "Key": "Name",
            "Value": "TestStack/Vpc/PublicSubnet2",
          },
        ],
        "VpcId": Object {
          "Ref": "Vpc8378EB38",
        },
      },
      "Type": "AWS::EC2::Subnet",
    },
    "VpcVPCGWBF912B6E": Object {
      "Properties": Object {
        "InternetGatewayId": Object {
          "Ref": "VpcIGWD7BA715C",
        },
        "VpcId": Object {
          "Ref": "Vpc8378EB38",
        },
      },
      "Type": "AWS::EC2::VPCGatewayAttachment",
    },
    "ZoneA5DE4B68": Object {
      "Properties": Object {
        "Name": "auth.test.local.",
      },
      "Type": "AWS::Route53::HostedZone",
    },
  },
  "Rules": Object {
    "CheckBootstrapVersion": Object {
      "Assertions": Array [
        Object {
          "Assert": Object {
            "Fn::Not": Array [
              Object {
                "Fn::Contains": Array [
                  Array [
                    "1",
                    "2",
                    "3",
                    "4",
                    "5",
                  ],
                  Object {
                    "Ref": "BootstrapVersion",
                  },
                ],
              },
            ],
          },
          "AssertDescription": "CDK bootstrap stack version 6 required. Please run 'cdk bootstrap' with a recent version of the CDK CLI.",
        },
      ],
    },
  },
}
`;
